Microchip MPLAB XC8 Compiler V2.45

Linker command line:

-W-3 \
  --edf=C:\Program Files\Microchip\xc8\v2.45\pic\dat\20230818022343_en.msgs \
  -pivt0x8=08h -cn -h+dist/default/production\tem-firmware.X.production.sym \
  --cmf=dist/default/production\tem-firmware.X.production.cmf -z -Q18F47Q84 \
  -oC:\Users\alexl\AppData\Local\Temp\xcAs9gs.\driver_tmp_3.o \
  --defsym=__MPLAB_BUILD=1 --fixupoverflow=error \
  -Mdist/default/production/tem-firmware.X.production.map \
  --md=C:\Users\alexl\AppData\Local\Temp\xcAs9gs.\driver_tmp_0.dat -E1 \
  -ver=XC8 Compiler --acfsm=1493 -ACODE=00h-01FFFFh -ACONST=00h-01FFFFh \
  -ASMALLCONST=03700h-037FFhx457 \
  -AMEDIUMCONST=03700h-0FFFFh,013700h-01FFFFh -ACOMRAM=0501h-055Fh \
  -AABS1=0500h-036FFh -ABIGRAM=0501h-036FFh \
  -ARAM=0560h-05FFh,0600h-06FFhx49 -ABANK5=0560h-05FFh -ABANK6=0600h-06FFh \
  -ABANK7=0700h-07FFh -ABANK8=0800h-08FFh -ABANK9=0900h-09FFh \
  -ABANK10=0A00h-0AFFh -ABANK11=0B00h-0BFFh -ABANK12=0C00h-0CFFh \
  -ABANK13=0D00h-0DFFh -ABANK14=0E00h-0EFFh -ABANK15=0F00h-0FFFh \
  -ABANK16=01000h-010FFh -ABANK17=01100h-011FFh -ABANK18=01200h-012FFh \
  -ABANK19=01300h-013FFh -ABANK20=01400h-014FFh -ABANK21=01500h-015FFh \
  -ABANK22=01600h-016FFh -ABANK23=01700h-017FFh -ABANK24=01800h-018FFh \
  -ABANK25=01900h-019FFh -ABANK26=01A00h-01AFFh -ABANK27=01B00h-01BFFh \
  -ABANK28=01C00h-01CFFh -ABANK29=01D00h-01DFFh -ABANK30=01E00h-01EFFh \
  -ABANK31=01F00h-01FFFh -ABANK32=02000h-020FFh -ABANK33=02100h-021FFh \
  -ABANK34=02200h-022FFh -ABANK35=02300h-023FFh -ABANK36=02400h-024FFh \
  -ABANK37=02500h-025FFh -ABANK38=02600h-026FFh -ABANK39=02700h-027FFh \
  -ABANK40=02800h-028FFh -ABANK41=02900h-029FFh -ABANK42=02A00h-02AFFh \
  -ABANK43=02B00h-02BFFh -ABANK44=02C00h-02CFFh -ABANK45=02D00h-02DFFh \
  -ABANK46=02E00h-02EFFh -ABANK47=02F00h-02FFFh -ABANK48=03000h-030FFh \
  -ABANK49=03100h-031FFh -ABANK50=03200h-032FFh -ABANK51=03300h-033FFh \
  -ABANK52=03400h-034FFh -ABANK53=03500h-035FFh -ABANK54=03600h-036FFh \
  -ASFR=00h-0FFhx4,0400h-045Fh,0460h-04FFh,03700h-037FFhx9 \
  -ABIGSFR=00h-04FFh,03700h-03FFFh -ACONFIG=0300000h-0300023h \
  -AIDLOC=0200000h-020003Fh -AEEDATA=0380000h-03803FFh -peeprom_data=EEDATA \
  -preset_vec=00h -ppowerup=CODE,init -pramtop=03700h \
  -psmallconst=SMALLCONST -pmediumconst=MEDIUMCONST -pconst=CONST \
  -AFARRAM=00h-00h \
  -prdata=COMRAM,nvrram=COMRAM,nvbit=COMRAM,rbss=COMRAM,rbit=COMRAM \
  -pfarbss=FARRAM,fardata=FARRAM,nvFARRAM=FARRAM \
  -pintsave_regs=BIGRAM,bigbss=BIGRAM,bigdata=BIGRAM -pbss=RAM \
  -pidata=CODE,irdata=CODE,ibigdata=CODE,ifardata=CODE -prparam=COMRAM \
  C:\Users\alexl\AppData\Local\Temp\xcAs9gs.\driver_tmp_9.o \
  dist/default/production\tem-firmware.X.production.o 

Object code version is 3.11

Machine type is 18F47Q84



                Name                               Link     Load   Length Selector   Space Scale
C:\Users\alexl\AppData\Local\Temp\xcAs9gs.\driver_tmp_9.o
                config                           300000   300000       1F        0       4
                init                                 1A       1A        4        4       0
                reset_vec                             0        0        4        0       0
dist/default/production\tem-firmware.X.production.o
                config                           300000   300000       1F        0       4
                smallconst                         3700     3700        E     1B80       0
                ivt0x8                                8        8       12        4       0
                text31                             4314     4314       1E     1B87       0
                text30                             4366     4366       18     1B87       0
                text29                             410C     410C       50     1B87       0
                text28                             3940     3940      22E     1B87       0
                text27                             3C54     3C54       E6     1B87       0
                text26                             40BA     40BA       52     1B87       0
                text25                             43DA     43DA        2     1B87       0
                text24                             4210     4210       30     1B87       0
                text23                             429A     429A       2C     1B87       0
                text22                             4068     4068       52     1B87       0
                text21                             43CA     43CA        A     1B87       0
                text20                             4332     4332       1C     1B87       0
                text19                             3B6E     3B6E       E6     1B87       0
                text18                             4016     4016       52     1B87       0
                text17                             370E     370E      232     1B87       0
                text16                             415C     415C       46     1B87       0
                text15                             3E10     3E10       9A     1B87       0
                text14                             41DE     41DE       32     1B87       0
                text13                             43A8     43A8       14     1B87       0
                text12                             3EAA     3EAA       98     1B87       0
                text11                             43BC     43BC        E     1B87       0
                text10                             4240     4240       2E     1B87       0
                text9                              42EE     42EE       26     1B87       0
                text8                              426E     426E       2C     1B87       0
                text7                              4394     4394       14     1B87       0
                text6                              3FC2     3FC2       54     1B87       0
                text5                              43D4     43D4        4     1B87       0
                text4                              434E     434E       18     1B87       0
                text3                              3F42     3F42       80     1B87       0
                text2                              42C6     42C6       28     1B87       0
                text1                              437E     437E       16     1B87       0
                text0                              3D3A     3D3A       D6     1B87       0
                cstackCOMRAM                        501      501       33      501       1
                cstackBANK5                         560      560       25      560       1
                dataBANK5                           585      585        2      560       1
                bssBANK5                            587      587        1      560       1
                bssCOMRAM                           534      534        B      501       1
                cinit                              41A2     41A2       3C     1B87       0
                idataBANK5                         43D8     43D8        2     1B87       0

TOTAL           Name                               Link     Load   Length     Space
        CLASS   CODE           
                init                                 1A       1A        4         0
                reset_vec                             0        0        4         0
                ivt0x8                                8        8       12         0
                text31                             4314     4314       1E         0
                text30                             4366     4366       18         0
                text29                             410C     410C       50         0
                text28                             3940     3940      22E         0
                text27                             3C54     3C54       E6         0
                text26                             40BA     40BA       52         0
                text25                             43DA     43DA        2         0
                text24                             4210     4210       30         0
                text23                             429A     429A       2C         0
                text22                             4068     4068       52         0
                text21                             43CA     43CA        A         0
                text20                             4332     4332       1C         0
                text19                             3B6E     3B6E       E6         0
                text18                             4016     4016       52         0
                text17                             370E     370E      232         0
                text16                             415C     415C       46         0
                text15                             3E10     3E10       9A         0
                text14                             41DE     41DE       32         0
                text13                             43A8     43A8       14         0
                text12                             3EAA     3EAA       98         0
                text11                             43BC     43BC        E         0
                text10                             4240     4240       2E         0
                text9                              42EE     42EE       26         0
                text8                              426E     426E       2C         0
                text7                              4394     4394       14         0
                text6                              3FC2     3FC2       54         0
                text5                              43D4     43D4        4         0
                text4                              434E     434E       18         0
                text3                              3F42     3F42       80         0
                text2                              42C6     42C6       28         0
                text1                              437E     437E       16         0
                text0                              3D3A     3D3A       D6         0
                cinit                              41A2     41A2       3C         0
                idataBANK5                         43D8     43D8        2         0

        CLASS   CONST          

        CLASS   SMALLCONST     
                smallconst                         3700     3700        E         0

        CLASS   MEDIUMCONST    

        CLASS   COMRAM         
                cstackCOMRAM                        501      501       33         1
                bssCOMRAM                           534      534        B         1

        CLASS   ABS1           

        CLASS   BIGRAM         

        CLASS   RAM            

        CLASS   BANK5          
                cstackBANK5                         560      560       25         1
                dataBANK5                           585      585        2         1
                bssBANK5                            587      587        1         1

        CLASS   BANK6          

        CLASS   BANK7          

        CLASS   BANK8          

        CLASS   BANK9          

        CLASS   BANK10         

        CLASS   BANK11         

        CLASS   BANK12         

        CLASS   BANK13         

        CLASS   BANK14         

        CLASS   BANK15         

        CLASS   BANK16         

        CLASS   BANK17         

        CLASS   BANK18         

        CLASS   BANK19         

        CLASS   BANK20         

        CLASS   BANK21         

        CLASS   BANK22         

        CLASS   BANK23         

        CLASS   BANK24         

        CLASS   BANK25         

        CLASS   BANK26         

        CLASS   BANK27         

        CLASS   BANK28         

        CLASS   BANK29         

        CLASS   BANK30         

        CLASS   BANK31         

        CLASS   BANK32         

        CLASS   BANK33         

        CLASS   BANK34         

        CLASS   BANK35         

        CLASS   BANK36         

        CLASS   BANK37         

        CLASS   BANK38         

        CLASS   BANK39         

        CLASS   BANK40         

        CLASS   BANK41         

        CLASS   BANK42         

        CLASS   BANK43         

        CLASS   BANK44         

        CLASS   BANK45         

        CLASS   BANK46         

        CLASS   BANK47         

        CLASS   BANK48         

        CLASS   BANK49         

        CLASS   BANK50         

        CLASS   BANK51         

        CLASS   BANK52         

        CLASS   BANK53         

        CLASS   BANK54         

        CLASS   SFR            

        CLASS   BIGSFR         

        CLASS   CONFIG         
                config                           300000   300000       1F         4

        CLASS   IDLOC          

        CLASS   EEDATA         

        CLASS   FARRAM         

        CLASS   HEAP           

        CLASS   STACK          



SEGMENTS        Name                           Load    Length   Top    Selector   Space  Class

                reset_vec                      000000  000004  000004         0       0  CODE    
                ivt0x8                         000008  000016  00001E         4       0  CODE    
                cstackCOMRAM                   000501  00003E  00053F       501       1  COMRAM  
                cstackBANK5                    000560  000028  000588       560       1  BANK5   
                smallconst                     003700  00000E  00370E      1B80       0  SMALLCON
                text17                         00370E  000CCE  0043DC      1B87       0  CODE    


UNUSED ADDRESS RANGES

        Name                Unused          Largest block    Delta
        BANK10           000A00-000AFF              100
        BANK11           000B00-000BFF              100
        BANK12           000C00-000CFF              100
        BANK13           000D00-000DFF              100
        BANK14           000E00-000EFF              100
        BANK15           000F00-000FFF              100
        BANK16           001000-0010FF              100
        BANK17           001100-0011FF              100
        BANK18           001200-0012FF              100
        BANK19           001300-0013FF              100
        BANK20           001400-0014FF              100
        BANK21           001500-0015FF              100
        BANK22           001600-0016FF              100
        BANK23           001700-0017FF              100
        BANK24           001800-0018FF              100
        BANK25           001900-0019FF              100
        BANK26           001A00-001AFF              100
        BANK27           001B00-001BFF              100
        BANK28           001C00-001CFF              100
        BANK29           001D00-001DFF              100
        BANK30           001E00-001EFF              100
        BANK31           001F00-001FFF              100
        BANK32           002000-0020FF              100
        BANK33           002100-0021FF              100
        BANK34           002200-0022FF              100
        BANK35           002300-0023FF              100
        BANK36           002400-0024FF              100
        BANK37           002500-0025FF              100
        BANK38           002600-0026FF              100
        BANK39           002700-0027FF              100
        BANK40           002800-0028FF              100
        BANK41           002900-0029FF              100
        BANK42           002A00-002AFF              100
        BANK43           002B00-002BFF              100
        BANK44           002C00-002CFF              100
        BANK45           002D00-002DFF              100
        BANK46           002E00-002EFF              100
        BANK47           002F00-002FFF              100
        BANK48           003000-0030FF              100
        BANK49           003100-0031FF              100
        BANK5            000588-0005FF               78
        BANK50           003200-0032FF              100
        BANK51           003300-0033FF              100
        BANK52           003400-0034FF              100
        BANK53           003500-0035FF              100
        BANK54           003600-0036FF              100
        BANK6            000600-0006FF              100
        BANK7            000700-0007FF              100
        BANK8            000800-0008FF              100
        BANK9            000900-0009FF              100
        BIGRAM           00053F-00055F               21
                         000588-0036FF             3178
        BIGSFR           000000-0004FF              500
                         003700-003FFF              900
        CODE             000004-000007                4
                         00001E-0036FF             36E2
                         0043DC-01FFFF            1BC24
        COMRAM           00053F-00055F               21
        CONFIG           30001F-300023                5
        CONST            000004-000007                4
                         00001E-0036FF             36E2
                         0043DC-01FFFF            1BC24
        EEDATA           380000-3803FF              400
        IDLOC            200000-20003F               40
        MEDIUMCONST      0043DC-00FFFF             BC24
                         013700-01FFFF             C900
        RAM              000588-0036FF              100
        SFR              000000-0004FF              100
                         003700-003FFF              100
        SMALLCONST       0043DC-01FFFF              100

                                  Symbol Table

CAN1_OperationModeSet@opMode                  cstackBANK5  000560
CAN1_OperationModeSet@requestMode             cstackBANK5  000562
CAN1_OperationModeSet@status                  cstackBANK5  000561
CAN1_RX_FIFO_ResetInfo@index                  cstackBANK5  000560
CAN1_ReceiveFrom@channel                      cstackCOMRAM 000524
CAN1_ReceiveFrom@index                        cstackCOMRAM 000525
CAN1_ReceiveFrom@rxCanMsg                     cstackCOMRAM 000521
CAN1_SetFIFO1FullHandler@handler              cstackBANK5  000560
CAN1_Transmit@fifoChannel                     cstackBANK5  00057B
CAN1_Transmit@status                          cstackBANK5  000578
CAN1_Transmit@txCanMsg                        cstackBANK5  000576
CAN1_Transmit@txFifoObj                       cstackBANK5  000579
CAN1_TransmitFIFOStatusGet@fifoChannel        cstackBANK5  000563
CAN1_TransmitFIFOStatusGet@status             cstackBANK5  000562
CAN_RX_ISR@rx_msg                             cstackCOMRAM 000527
GetRxFifoDepth@validChannel                   cstackCOMRAM 000502
GetRxFifoStatus@validChannel                  cstackCOMRAM 000501
GetTxFifoStatus@validChannel                  cstackBANK5  000560
IVTBASEH                                      (abs)        00045E
IVTBASEL                                      (abs)        00045D
IVTBASEU                                      (abs)        00045F
ReadMessageFromFifo@msgId                     cstackCOMRAM 000512
ReadMessageFromFifo@rxCanMsg                  cstackCOMRAM 00050E
ReadMessageFromFifo@rxFifoObj                 cstackCOMRAM 00050C
ReadMessageFromFifo@status                    cstackCOMRAM 000516
Receive@channel                               cstackCOMRAM 000517
Receive@index                                 cstackCOMRAM 000520
Receive@rxCanMsg                              cstackCOMRAM 000518
Receive@rxFifoObj                             cstackCOMRAM 00051D
Receive@rxMsgStatus                           cstackCOMRAM 00051F
Receive@status                                cstackCOMRAM 00051C
ValidateTransmission@field                    cstackBANK5  000568
ValidateTransmission@txCanMsg                 cstackBANK5  000561
ValidateTransmission@txMsgStatus              cstackBANK5  000567
ValidateTransmission@validChannel             cstackBANK5  000566
WriteMessageToFifo@msgId                      cstackBANK5  000572
WriteMessageToFifo@status                     cstackBANK5  000571
WriteMessageToFifo@txCanMsg                   cstackBANK5  00056D
WriteMessageToFifo@txFifoObj                  cstackBANK5  00056B
_ANSELA                                       (abs)        000400
_ANSELB                                       (abs)        000408
_ANSELC                                       (abs)        000410
_ANSELD                                       (abs)        000418
_ANSELE                                       (abs)        000420
_C1CONH                                       (abs)        000101
_C1CONHbits                                   (abs)        000101
_C1CONL                                       (abs)        000100
_C1CONTbits                                   (abs)        000103
_C1CONU                                       (abs)        000102
_C1CONUbits                                   (abs)        000102
_C1FIFOBA                                     (abs)        00014C
_C1FIFOCON1H                                  (abs)        00015D
_C1FIFOCON1L                                  (abs)        00015C
_C1FIFOCON1T                                  (abs)        00015F
_C1FIFOCON1U                                  (abs)        00015E
_C1FIFOSTA1Lbits                              (abs)        000160
_C1FLTCON0L                                   (abs)        000180
_C1FLTOBJ0H                                   (abs)        00018D
_C1FLTOBJ0L                                   (abs)        00018C
_C1FLTOBJ0T                                   (abs)        00018F
_C1FLTOBJ0U                                   (abs)        00018E
_C1INTHbits                                   (abs)        00011D
_C1INTTbits                                   (abs)        00011F
_C1INTUbits                                   (abs)        00011E
_C1MASK0H                                     (abs)        000191
_C1MASK0L                                     (abs)        000190
_C1MASK0T                                     (abs)        000193
_C1MASK0U                                     (abs)        000192
_C1NBTCFGH                                    (abs)        000105
_C1NBTCFGL                                    (abs)        000104
_C1NBTCFGT                                    (abs)        000107
_C1NBTCFGU                                    (abs)        000106
_C1TRECUbits                                  (abs)        000136
_C1TXQCONH                                    (abs)        000151
_C1TXQCONL                                    (abs)        000150
_C1TXQCONT                                    (abs)        000153
_C1TXQCONU                                    (abs)        000152
_CAN1_BitRateConfiguration                    text13       0043A8
_CAN1_FIFO1FullHandler                        bssCOMRAM    000534
_CAN1_Initialize                              text6        003FC2
_CAN1_OperationModeGet                        text21       0043CA
_CAN1_OperationModeSet                        text12       003EAA
_CAN1_RXI_ISR                                 text23       00429A
_CAN1_RX_FIFO_Configuration                   text10       004240
_CAN1_RX_FIFO_FilterMaskConfiguration         text9        0042EE
_CAN1_RX_FIFO_ResetInfo                       text8        00426E
_CAN1_ReceiveFrom                             text26       0040BA
_CAN1_SetFIFO1FullHandler                     text11       0043BC
_CAN1_TX_FIFO_Configuration                   text7        004394
_CAN1_Transmit                                text15       003E10
_CAN1_TransmitFIFOStatusGet                   text14       0041DE
_CANRXPPS                                     (abs)        00023D
_CAN_RX_ISR                                   text24       004210
_DLC_BYTES                                    smallconst   003701
_DefaultFIFO1FullHandler                      text25       0043DA
_GetRxFifoDepth                               text31       004314
_GetRxFifoStatus                              text30       004366
_GetTxFifoStatus                              text20       004332
_INLVLA                                       (abs)        000404
_INLVLB                                       (abs)        00040C
_INLVLC                                       (abs)        000414
_INLVLD                                       (abs)        00041C
_INLVLE                                       (abs)        000424
_INTCON0bits                                  (abs)        0004D6
_INTERRUPT_Initialize                         text5        0043D4
_INTERRUPT_InterruptManager                   text22       004068
_LATA                                         (abs)        0004BE
_LATB                                         (abs)        0004BF
_LATC                                         (abs)        0004C0
_LATCbits                                     (abs)        0004C0
_LATD                                         (abs)        0004C1
_LATE                                         (abs)        0004C2
_ODCONA                                       (abs)        000402
_ODCONB                                       (abs)        00040A
_ODCONC                                       (abs)        000412
_ODCOND                                       (abs)        00041A
_ODCONE                                       (abs)        000422
_OSCCON1                                      (abs)        0000AD
_OSCCON3                                      (abs)        0000AF
_OSCEN                                        (abs)        0000B3
_OSCFRQ                                       (abs)        0000B1
_OSCILLATOR_Initialize                        text4        00434E
_OSCTUNE                                      (abs)        0000B0
_PIE4bits                                     (abs)        0004A2
_PIN_MANAGER_Initialize                       text3        003F42
_PIR4bits                                     (abs)        0004B2
_PMD0                                         (abs)        000060
_PMD1                                         (abs)        000061
_PMD2                                         (abs)        000062
_PMD3                                         (abs)        000063
_PMD4                                         (abs)        000064
_PMD5                                         (abs)        000065
_PMD6                                         (abs)        000066
_PMD7                                         (abs)        000067
_PMD8                                         (abs)        000068
_PMD_Initialize                               text2        0042C6
_RD2PPS                                       (abs)        00021B
_ReadMessageFromFifo                          text28       003940
_Receive                                      text27       003C54
_SLRCONA                                      (abs)        000403
_SLRCONB                                      (abs)        00040B
_SLRCONC                                      (abs)        000413
_SLRCOND                                      (abs)        00041B
_SLRCONE                                      (abs)        000423
_SYSTEM_Initialize                            text1        00437E
_TRISA                                        (abs)        0004C6
_TRISB                                        (abs)        0004C7
_TRISC                                        (abs)        0004C8
_TRISD                                        (abs)        0004C9
_TRISE                                        (abs)        0004CA
_ValidateTransmission                         text19       003B6E
_WPUA                                         (abs)        000401
_WPUB                                         (abs)        000409
_WPUC                                         (abs)        000411
_WPUD                                         (abs)        000419
_WPUE                                         (abs)        000421
_WriteMessageToFifo                           text17       00370E
__HRAM                                        (abs)        000000
__H__absolute__                               __absolute__ 000000
__Habs1                                       abs1         000000
__Hbank10                                     bank10       000000
__Hbank11                                     bank11       000000
__Hbank12                                     bank12       000000
__Hbank13                                     bank13       000000
__Hbank14                                     bank14       000000
__Hbank15                                     bank15       000000
__Hbank16                                     bank16       000000
__Hbank17                                     bank17       000000
__Hbank18                                     bank18       000000
__Hbank19                                     bank19       000000
__Hbank20                                     bank20       000000
__Hbank21                                     bank21       000000
__Hbank22                                     bank22       000000
__Hbank23                                     bank23       000000
__Hbank24                                     bank24       000000
__Hbank25                                     bank25       000000
__Hbank26                                     bank26       000000
__Hbank27                                     bank27       000000
__Hbank28                                     bank28       000000
__Hbank29                                     bank29       000000
__Hbank30                                     bank30       000000
__Hbank31                                     bank31       000000
__Hbank32                                     bank32       000000
__Hbank33                                     bank33       000000
__Hbank34                                     bank34       000000
__Hbank35                                     bank35       000000
__Hbank36                                     bank36       000000
__Hbank37                                     bank37       000000
__Hbank38                                     bank38       000000
__Hbank39                                     bank39       000000
__Hbank40                                     bank40       000000
__Hbank41                                     bank41       000000
__Hbank42                                     bank42       000000
__Hbank43                                     bank43       000000
__Hbank44                                     bank44       000000
__Hbank45                                     bank45       000000
__Hbank46                                     bank46       000000
__Hbank47                                     bank47       000000
__Hbank48                                     bank48       000000
__Hbank49                                     bank49       000000
__Hbank5                                      bank5        000000
__Hbank50                                     bank50       000000
__Hbank51                                     bank51       000000
__Hbank52                                     bank52       000000
__Hbank53                                     bank53       000000
__Hbank54                                     bank54       000000
__Hbank6                                      bank6        000000
__Hbank7                                      bank7        000000
__Hbank8                                      bank8        000000
__Hbank9                                      bank9        000000
__Hbigbss                                     bigbss       000000
__Hbigdata                                    bigdata      000000
__Hbigram                                     bigram       000000
__Hbigsfr                                     bigsfr       000000
__Hbss                                        bss          000000
__HbssBANK5                                   bssBANK5     000000
__HbssCOMRAM                                  bssCOMRAM    000000
__Hcinit                                      cinit        000000
__Hclrtext                                    clrtext      000000
__Hcomram                                     comram       000000
__Hconfig                                     config       30001F
__Hconst                                      const        000000
__HcstackBANK5                                cstackBANK5  000000
__HcstackCOMRAM                               cstackCOMRAM 000000
__Hdata                                       data         000000
__HdataBANK5                                  dataBANK5    000000
__Heeprom_data                                eeprom_data  000000
__Hfarbss                                     farbss       000000
__Hfardata                                    fardata      000000
__Hheap                                       heap         000000
__Hibigdata                                   ibigdata     000000
__Hidata                                      idata        000000
__HidataBANK5                                 idataBANK5   000000
__Hidloc                                      idloc        000000
__Hifardata                                   ifardata     000000
__Hinit                                       init         00001E
__Hintsave_regs                               intsave_regs 000000
__Hirdata                                     irdata       000000
__Hivt0x8                                     ivt0x8       00001A
__Hmediumconst                                mediumconst  000000
__HnvFARRAM                                   nvFARRAM     000000
__Hnvbit                                      nvbit        000000
__Hnvrram                                     nvrram       000000
__Hparam                                      rparam       000000
__Hpowerup                                    powerup      000000
__Hram                                        ram          000000
__Hramtop                                     ramtop       003700
__Hrbit                                       rbit         000000
__Hrbss                                       rbss         000000
__Hrdata                                      rdata        000000
__Hreset_vec                                  reset_vec    000004
__Hrparam                                     rparam       000000
__Hsfr                                        sfr          000000
__Hsmallconst                                 smallconst   00370E
__Hspace_0                                    (abs)        0043DC
__Hspace_1                                    (abs)        000588
__Hspace_2                                    (abs)        000000
__Hspace_4                                    (abs)        60001F
__Hstack                                      stack        000000
__Hstruct                                     struct       000000
__Htemp                                       temp         000000
__Htext                                       text         000000
__Htext0                                      text0        000000
__Htext1                                      text1        000000
__Htext10                                     text10       000000
__Htext11                                     text11       000000
__Htext12                                     text12       000000
__Htext13                                     text13       000000
__Htext14                                     text14       000000
__Htext15                                     text15       000000
__Htext16                                     text16       000000
__Htext17                                     text17       000000
__Htext18                                     text18       000000
__Htext19                                     text19       000000
__Htext2                                      text2        000000
__Htext20                                     text20       000000
__Htext21                                     text21       000000
__Htext22                                     text22       000000
__Htext23                                     text23       000000
__Htext24                                     text24       000000
__Htext25                                     text25       000000
__Htext26                                     text26       000000
__Htext27                                     text27       000000
__Htext28                                     text28       000000
__Htext29                                     text29       000000
__Htext3                                      text3        000000
__Htext30                                     text30       000000
__Htext31                                     text31       000000
__Htext32                                     text32       000000
__Htext4                                      text4        000000
__Htext5                                      text5        000000
__Htext6                                      text6        000000
__Htext7                                      text7        000000
__Htext8                                      text8        000000
__Htext9                                      text9        000000
__LRAM                                        (abs)        000001
__L__absolute__                               __absolute__ 000000
__Labs1                                       abs1         000000
__Lbank10                                     bank10       000000
__Lbank11                                     bank11       000000
__Lbank12                                     bank12       000000
__Lbank13                                     bank13       000000
__Lbank14                                     bank14       000000
__Lbank15                                     bank15       000000
__Lbank16                                     bank16       000000
__Lbank17                                     bank17       000000
__Lbank18                                     bank18       000000
__Lbank19                                     bank19       000000
__Lbank20                                     bank20       000000
__Lbank21                                     bank21       000000
__Lbank22                                     bank22       000000
__Lbank23                                     bank23       000000
__Lbank24                                     bank24       000000
__Lbank25                                     bank25       000000
__Lbank26                                     bank26       000000
__Lbank27                                     bank27       000000
__Lbank28                                     bank28       000000
__Lbank29                                     bank29       000000
__Lbank30                                     bank30       000000
__Lbank31                                     bank31       000000
__Lbank32                                     bank32       000000
__Lbank33                                     bank33       000000
__Lbank34                                     bank34       000000
__Lbank35                                     bank35       000000
__Lbank36                                     bank36       000000
__Lbank37                                     bank37       000000
__Lbank38                                     bank38       000000
__Lbank39                                     bank39       000000
__Lbank40                                     bank40       000000
__Lbank41                                     bank41       000000
__Lbank42                                     bank42       000000
__Lbank43                                     bank43       000000
__Lbank44                                     bank44       000000
__Lbank45                                     bank45       000000
__Lbank46                                     bank46       000000
__Lbank47                                     bank47       000000
__Lbank48                                     bank48       000000
__Lbank49                                     bank49       000000
__Lbank5                                      bank5        000000
__Lbank50                                     bank50       000000
__Lbank51                                     bank51       000000
__Lbank52                                     bank52       000000
__Lbank53                                     bank53       000000
__Lbank54                                     bank54       000000
__Lbank6                                      bank6        000000
__Lbank7                                      bank7        000000
__Lbank8                                      bank8        000000
__Lbank9                                      bank9        000000
__Lbigbss                                     bigbss       000000
__Lbigdata                                    bigdata      000000
__Lbigram                                     bigram       000000
__Lbigsfr                                     bigsfr       000000
__Lbss                                        bss          000000
__LbssBANK5                                   bssBANK5     000000
__LbssCOMRAM                                  bssCOMRAM    000000
__Lcinit                                      cinit        000000
__Lclrtext                                    clrtext      000000
__Lcomram                                     comram       000000
__Lconfig                                     config       000000
__Lconst                                      const        000000
__LcstackBANK5                                cstackBANK5  000000
__LcstackCOMRAM                               cstackCOMRAM 000000
__Ldata                                       data         000000
__LdataBANK5                                  dataBANK5    000000
__Leeprom_data                                eeprom_data  000000
__Lfarbss                                     farbss       000000
__Lfardata                                    fardata      000000
__Lheap                                       heap         000000
__Libigdata                                   ibigdata     000000
__Lidata                                      idata        000000
__LidataBANK5                                 idataBANK5   000000
__Lidloc                                      idloc        000000
__Lifardata                                   ifardata     000000
__Linit                                       init         00001A
__Lintsave_regs                               intsave_regs 000000
__Lirdata                                     irdata       000000
__Livt0x8                                     ivt0x8       000008
__Lmediumconst                                mediumconst  000000
__LnvFARRAM                                   nvFARRAM     000000
__Lnvbit                                      nvbit        000000
__Lnvrram                                     nvrram       000000
__Lparam                                      rparam       000000
__Lpowerup                                    powerup      000000
__Lram                                        ram          000000
__Lramtop                                     ramtop       003700
__Lrbit                                       rbit         000000
__Lrbss                                       rbss         000000
__Lrdata                                      rdata        000000
__Lreset_vec                                  reset_vec    000000
__Lrparam                                     rparam       000000
__Lsfr                                        sfr          000000
__Lsmallconst                                 smallconst   003700
__Lspace_0                                    (abs)        000000
__Lspace_1                                    (abs)        000000
__Lspace_2                                    (abs)        000000
__Lspace_4                                    (abs)        000000
__Lstack                                      stack        000000
__Lstruct                                     struct       000000
__Ltemp                                       temp         000000
__Ltext                                       text         000000
__Ltext0                                      text0        000000
__Ltext1                                      text1        000000
__Ltext10                                     text10       000000
__Ltext11                                     text11       000000
__Ltext12                                     text12       000000
__Ltext13                                     text13       000000
__Ltext14                                     text14       000000
__Ltext15                                     text15       000000
__Ltext16                                     text16       000000
__Ltext17                                     text17       000000
__Ltext18                                     text18       000000
__Ltext19                                     text19       000000
__Ltext2                                      text2        000000
__Ltext20                                     text20       000000
__Ltext21                                     text21       000000
__Ltext22                                     text22       000000
__Ltext23                                     text23       000000
__Ltext24                                     text24       000000
__Ltext25                                     text25       000000
__Ltext26                                     text26       000000
__Ltext27                                     text27       000000
__Ltext28                                     text28       000000
__Ltext29                                     text29       000000
__Ltext3                                      text3        000000
__Ltext30                                     text30       000000
__Ltext31                                     text31       000000
__Ltext32                                     text32       000000
__Ltext4                                      text4        000000
__Ltext5                                      text5        000000
__Ltext6                                      text6        000000
__Ltext7                                      text7        000000
__Ltext8                                      text8        000000
__Ltext9                                      text9        000000
__S0                                          (abs)        0043DC
__S1                                          (abs)        000588
__S4                                          (abs)        000000
__S5                                          (abs)        000000
___heap_hi                                    (abs)        000000
___heap_lo                                    (abs)        000000
___inthi_sp                                   stack        000000
___inthi_stack_hi                             stack        000000
___inthi_stack_lo                             stack        000000
___intlo_sp                                   stack        000000
___intlo_stack_hi                             stack        000000
___intlo_stack_lo                             stack        000000
___param_bank                                 (abs)        000000
___rparam_used                                (abs)        000001
___sp                                         stack        000000
___stack_hi                                   stack        000000
___stack_lo                                   stack        000000
__accesstop                                   (abs)        000560
__activetblptr                                (abs)        000003
__end_of_CAN1_BitRateConfiguration            text13       0043BC
__end_of_CAN1_Initialize                      text6        004016
__end_of_CAN1_OperationModeGet                text21       0043D4
__end_of_CAN1_OperationModeSet                text12       003F42
__end_of_CAN1_RXI_ISR                         text23       0042C6
__end_of_CAN1_RX_FIFO_Configuration           text10       00426E
__end_of_CAN1_RX_FIFO_FilterMaskConfiguration text9        004314
__end_of_CAN1_RX_FIFO_ResetInfo               text8        00429A
__end_of_CAN1_ReceiveFrom                     text26       00410C
__end_of_CAN1_SetFIFO1FullHandler             text11       0043CA
__end_of_CAN1_TX_FIFO_Configuration           text7        0043A8
__end_of_CAN1_Transmit                        text15       003EAA
__end_of_CAN1_TransmitFIFOStatusGet           text14       004210
__end_of_CAN_RX_ISR                           text24       004240
__end_of_DLC_BYTES                            smallconst   00370A
__end_of_DefaultFIFO1FullHandler              text25       0043DC
__end_of_FIFO                                 smallconst   00370C
__end_of_GetRxFifoDepth                       text31       004332
__end_of_GetRxFifoStatus                      text30       00437E
__end_of_GetTxFifoStatus                      text20       00434E
__end_of_INTERRUPT_Initialize                 text5        0043D8
__end_of_INTERRUPT_InterruptManager           text22       0040BA
__end_of_OSCILLATOR_Initialize                text4        004366
__end_of_PIN_MANAGER_Initialize               text3        003FC2
__end_of_PMD_Initialize                       text2        0042EE
__end_of_ReadMessageFromFifo                  text28       003B6E
__end_of_Receive                              text27       003D3A
__end_of_SYSTEM_Initialize                    text1        004394
__end_of_ValidateTransmission                 text19       003C54
__end_of_WriteMessageToFifo                   text17       003940
__end_of__initialization                      cinit        0041D8
__end_of_isTxChannel                          text16       0041A2
__end_of_main                                 text0        003E10
__end_of_memcpy                               text18       004068
__end_ofi2_memcpy                             text29       00415C
__initialization                              cinit        0041A2
__mediumconst                                 mediumconst  000000
__pbssBANK5                                   bssBANK5     000587
__pbssCOMRAM                                  bssCOMRAM    000534
__pcinit                                      cinit        0041A2
__pcstackBANK5                                cstackBANK5  000560
__pcstackCOMRAM                               cstackCOMRAM 000501
__pdataBANK5                                  dataBANK5    000585
__pidataBANK5                                 idataBANK5   0043D8
__pivt0x8                                     ivt0x8       000008
__psmallconst                                 smallconst   003700
__ptext0                                      text0        003D3A
__ptext1                                      text1        00437E
__ptext10                                     text10       004240
__ptext11                                     text11       0043BC
__ptext12                                     text12       003EAA
__ptext13                                     text13       0043A8
__ptext14                                     text14       0041DE
__ptext15                                     text15       003E10
__ptext16                                     text16       00415C
__ptext17                                     text17       00370E
__ptext18                                     text18       004016
__ptext19                                     text19       003B6E
__ptext2                                      text2        0042C6
__ptext20                                     text20       004332
__ptext21                                     text21       0043CA
__ptext22                                     text22       004068
__ptext23                                     text23       00429A
__ptext24                                     text24       004210
__ptext25                                     text25       0043DA
__ptext26                                     text26       0040BA
__ptext27                                     text27       003C54
__ptext28                                     text28       003940
__ptext29                                     text29       00410C
__ptext3                                      text3        003F42
__ptext30                                     text30       004366
__ptext31                                     text31       004314
__ptext32                                     text32       000000
__ptext4                                      text4        00434E
__ptext5                                      text5        0043D4
__ptext6                                      text6        003FC2
__ptext7                                      text7        004394
__ptext8                                      text8        00426E
__ptext9                                      text9        0042EE
__ramtop                                      ramtop       003700
__smallconst                                  smallconst   003700
_count                                        bssBANK5     000587
_isTxChannel                                  text16       00415C
_isTxChannel$657                              cstackBANK5  000560
_main                                         text0        003D3A
_memcpy                                       text18       004016
_rxFifos                                      dataBANK5    000585
_rxMsgData                                    bssCOMRAM    000537
end_of_initialization                         cinit        0041D8
i2_memcpy                                     text29       00410C
i2memcpy@d                                    cstackCOMRAM 000507
i2memcpy@d1                                   cstackCOMRAM 000501
i2memcpy@n                                    cstackCOMRAM 000505
i2memcpy@s                                    cstackCOMRAM 000509
i2memcpy@s1                                   cstackCOMRAM 000503
i2memcpy@tmp                                  cstackCOMRAM 00050B
intlevel0                                     text         000000
intlevel1                                     text         000000
intlevel2                                     text         000000
intlevel3                                     text         000000
isTxChannel@channel                           cstackBANK5  000561
isa$std                                       (abs)        000001
isa$xinst                                     (abs)        000000
ivt0x8_base                                   ivt0x8       000008
main@msg                                      cstackBANK5  00057E
memcpy@d                                      cstackBANK5  000566
memcpy@d1                                     cstackBANK5  000560
memcpy@n                                      cstackBANK5  000564
memcpy@s                                      cstackBANK5  000568
memcpy@s1                                     cstackBANK5  000562
memcpy@tmp                                    cstackBANK5  00056A
stackhi                                       (abs)        000000
stacklo                                       (abs)        000000
start                                         init         00001A
start_initialization                          cinit        0041A2


MODULE INFORMATION

Module		Function		Class		Link	Load	Size
mcc_generated_files/can1.c
		_ReadMessageFromFifo		CODE           	3940	0000	558
		_ValidateTransmission		CODE           	3B6E	0000	230
		_CAN1_BitRateConfiguration		CODE           	43A8	0000	20
		_Receive       		CODE           	3C54	0000	230
		_CAN1_TX_FIFO_Configuration		CODE           	4394	0000	20
		_GetRxFifoDepth		CODE           	4314	0000	30
		_CAN1_OperationModeGet		CODE           	43CA	0000	10
		_CAN1_SetFIFO1FullHandler		CODE           	43BC	0000	14
		_CAN1_Initialize		CODE           	3FC2	0000	84
		_CAN1_TransmitFIFOStatusGet		CODE           	41DE	0000	50
		_CAN1_Transmit 		CODE           	3E10	0000	154
		_CAN1_RX_FIFO_FilterMaskConfiguration		CODE           	42EE	0000	38
		_CAN1_RX_FIFO_Configuration		CODE           	4240	0000	46
		_GetRxFifoStatus		CODE           	4366	0000	24
		_isTxChannel   		CODE           	415C	0000	70
		_GetTxFifoStatus		CODE           	4332	0000	28
		_WriteMessageToFifo		CODE           	370E	0000	562
		_DefaultFIFO1FullHandler		CODE           	43DA	0000	2
		_CAN1_RX_FIFO_ResetInfo		CODE           	426E	0000	44
		_CAN1_OperationModeSet		CODE           	3EAA	0000	152
		_CAN1_RXI_ISR  		CODE           	429A	0000	44
		_CAN1_ReceiveFrom		CODE           	40BA	0000	82

mcc_generated_files/can1.c estimated size: 2492

C:\Program Files\Microchip\xc8\v2.45\pic\sources\c99\common\memcpy.c
		_memcpy        		CODE           	4016	0000	82

C:\Program Files\Microchip\xc8\v2.45\pic\sources\c99\common\memcpy.c estimated size: 82

mcc_generated_files/interrupt_manager.c
		_INTERRUPT_Initialize		CODE           	43D4	0000	4
		_INTERRUPT_InterruptManager		CODE           	4068	0000	82

mcc_generated_files/interrupt_manager.c estimated size: 86

mcc_generated_files/pin_manager.c
		_PIN_MANAGER_Initialize		CODE           	3F42	0000	128

mcc_generated_files/pin_manager.c estimated size: 128

shared
		_FIFO          		SMALLCONST     	0000	0000	0
		_DLC_BYTES     		SMALLCONST     	3701	0000	9
		__initialization		CODE           	41A2	0000	54
		i2_memcpy      		CODE           	410C	0000	80

shared estimated size: 143

mcc_generated_files/mcc.c
		_PMD_Initialize		CODE           	42C6	0000	40
		_OSCILLATOR_Initialize		CODE           	434E	0000	24
		_SYSTEM_Initialize		CODE           	437E	0000	22

mcc_generated_files/mcc.c estimated size: 86

main.c
		_main          		CODE           	3D3A	0000	214
		_CAN_RX_ISR    		CODE           	4210	0000	48

main.c estimated size: 262

